components/ui/calendar-view.tsx(628,11): error TS2322: Type '{ currentDate: Date; selectedDate: Date; eventsByDay: Record<string, CalendarEvent[]>; onDateClick: (day: Date) => void; dateLocale: Locale; weekDays: string[]; }' is not assignable to type 'IntrinsicAttributes & CalendarGridProps'.
  Property 'dateLocale' does not exist on type 'IntrinsicAttributes & CalendarGridProps'.
modules/payout/_components/ProcessPayoutVault.tsx(46,18): error TS2345: Argument of type '{ type: "NORMAL" | "REPOSICAO"; id: string; createdAt: Date; updatedAt: Date; teacherHourlyRate: number | null; studentId: string | null; planId: string | null; status: "overdue" | ... 10 more ... | "available"; ... 16 more ...; student: { ...; } | null; }[]' is not assignable to parameter of type 'SetStateAction<SlotInstanceWithDetails[]>'.
  Type '{ type: "NORMAL" | "REPOSICAO"; id: string; createdAt: Date; updatedAt: Date; teacherHourlyRate: number | null; studentId: string | null; planId: string | null; status: "overdue" | ... 10 more ... | "available"; ... 16 more ...; student: { ...; } | null; }[]' is not assignable to type 'SlotInstanceWithDetails[]'.
    Type '{ type: "NORMAL" | "REPOSICAO"; id: string; createdAt: Date; updatedAt: Date; teacherHourlyRate: number | null; studentId: string | null; planId: string | null; status: "overdue" | ... 10 more ... | "available"; ... 16 more ...; student: { ...; } | null; }' is not assignable to type 'SlotInstanceWithDetails'.
      Type '{ type: "NORMAL" | "REPOSICAO"; id: string; createdAt: Date; updatedAt: Date; teacherHourlyRate: number | null; studentId: string | null; planId: string | null; status: "overdue" | ... 10 more ... | "available"; ... 16 more ...; student: { ...; } | null; }' is not assignable to type '{ rule?: { type: "NORMAL" | "REPOSICAO"; id: string; createdAt: Date; startTime: string; endTime: string; startDate: Date; frequency: "MONTHLY" | "NONE" | "WEEKLY" | "BIWEEKLY"; studentId: string | null; endDate: Date | null; teacherId: string; } | null | undefined; credit?: { ...; } | ... 1 more ... | undefined; st...'.
        Types of property 'student' are incompatible.
          Type '{ name: string; } | null' is not assignable to type '{ name: string | null; assignedPlanId: string | null; isActive: boolean; } | null | undefined'.
            Type '{ name: string; }' is missing the following properties from type '{ name: string | null; assignedPlanId: string | null; isActive: boolean; }': assignedPlanId, isActive
modules/scheduling/scheduling.service.ts(112,61): error TS2345: Argument of type 'PgTransaction<NeonQueryResultHKT, { payoutStatusEnum: PgEnum<["pending", "completed", "failed"]>; payoutsTable: PgTableWithColumns<{ name: "payouts"; schema: undefined; columns: { ...; }; dialect: "pg"; }>; ... 131 more ...; rateLimitsTable: PgTableWithColumns<...>; }, ExtractTablesWithRelations<...>>' is not assignable to parameter of type 'NeonDatabase<{ payoutStatusEnum: PgEnum<["pending", "completed", "failed"]>; payoutsTable: PgTableWithColumns<{ name: "payouts"; schema: undefined; columns: { id: PgColumn<{ name: "id"; tableName: "payouts"; dataType: "string"; ... 11 more ...; generated: undefined; }, {}, {}>; ... 12 more ...; updatedAt: PgColumn<....'.
  Property '$client' is missing in type 'PgTransaction<NeonQueryResultHKT, { payoutStatusEnum: PgEnum<["pending", "completed", "failed"]>; payoutsTable: PgTableWithColumns<{ name: "payouts"; schema: undefined; columns: { ...; }; dialect: "pg"; }>; ... 131 more ...; rateLimitsTable: PgTableWithColumns<...>; }, ExtractTablesWithRelations<...>>' but required in type '{ $client: Pool; }'.
modules/user/_components/userDetails/PersonalInfoTab.tsx(232,57): error TS2345: Argument of type '(data: { rate: number; }) => Promise<void>' is not assignable to parameter of type 'SubmitHandler<FieldValues>'.
  Types of parameters 'data' and 'data' are incompatible.
    Property 'rate' is missing in type 'FieldValues' but required in type '{ rate: number; }'.
